Archive member included to satisfy reference by file (symbol)

d:/my data/avr programs/microchip_installation/7.0/toolchain/avr8/avr8-gnu-toolchain/bin/../lib/gcc/avr/5.4.0/../../../../avr/lib/avr5\libm.a(fixunssfsi.o)
                              MCAL/TIMER_Driver/timer.o (__fixunssfsi)
d:/my data/avr programs/microchip_installation/7.0/toolchain/avr8/avr8-gnu-toolchain/bin/../lib/gcc/avr/5.4.0/../../../../avr/lib/avr5\libm.a(floatsisf.o)
                              MCAL/TIMER_Driver/timer.o (__floatunsisf)
d:/my data/avr programs/microchip_installation/7.0/toolchain/avr8/avr8-gnu-toolchain/bin/../lib/gcc/avr/5.4.0/../../../../avr/lib/avr5\libm.a(fp_split3.o)
                              d:/my data/avr programs/microchip_installation/7.0/toolchain/avr8/avr8-gnu-toolchain/bin/../lib/gcc/avr/5.4.0/../../../../avr/lib/avr5\libm.a(fixunssfsi.o) (__fp_splitA)
d:/my data/avr programs/microchip_installation/7.0/toolchain/avr8/avr8-gnu-toolchain/bin/../lib/gcc/avr/5.4.0/../../../../avr/lib/avr5\libm.a(fp_zero.o)
                              d:/my data/avr programs/microchip_installation/7.0/toolchain/avr8/avr8-gnu-toolchain/bin/../lib/gcc/avr/5.4.0/../../../../avr/lib/avr5\libm.a(fixunssfsi.o) (__fp_zero)
d:/my data/avr programs/microchip_installation/7.0/toolchain/avr8/avr8-gnu-toolchain/bin/../lib/gcc/avr/5.4.0/../../../../avr/lib/avr5\libm.a(mulsf3.o)
                              MCAL/TIMER_Driver/timer.o (__mulsf3)
d:/my data/avr programs/microchip_installation/7.0/toolchain/avr8/avr8-gnu-toolchain/bin/../lib/gcc/avr/5.4.0/../../../../avr/lib/avr5\libm.a(mulsf3x.o)
                              d:/my data/avr programs/microchip_installation/7.0/toolchain/avr8/avr8-gnu-toolchain/bin/../lib/gcc/avr/5.4.0/../../../../avr/lib/avr5\libm.a(mulsf3.o) (__mulsf3x)
d:/my data/avr programs/microchip_installation/7.0/toolchain/avr8/avr8-gnu-toolchain/bin/../lib/gcc/avr/5.4.0/../../../../avr/lib/avr5\libm.a(fp_inf.o)
                              d:/my data/avr programs/microchip_installation/7.0/toolchain/avr8/avr8-gnu-toolchain/bin/../lib/gcc/avr/5.4.0/../../../../avr/lib/avr5\libm.a(mulsf3x.o) (__fp_inf)
d:/my data/avr programs/microchip_installation/7.0/toolchain/avr8/avr8-gnu-toolchain/bin/../lib/gcc/avr/5.4.0/../../../../avr/lib/avr5\libm.a(fp_nan.o)
                              d:/my data/avr programs/microchip_installation/7.0/toolchain/avr8/avr8-gnu-toolchain/bin/../lib/gcc/avr/5.4.0/../../../../avr/lib/avr5\libm.a(mulsf3x.o) (__fp_nan)
d:/my data/avr programs/microchip_installation/7.0/toolchain/avr8/avr8-gnu-toolchain/bin/../lib/gcc/avr/5.4.0/../../../../avr/lib/avr5\libm.a(fp_pscA.o)
                              d:/my data/avr programs/microchip_installation/7.0/toolchain/avr8/avr8-gnu-toolchain/bin/../lib/gcc/avr/5.4.0/../../../../avr/lib/avr5\libm.a(mulsf3x.o) (__fp_pscA)
d:/my data/avr programs/microchip_installation/7.0/toolchain/avr8/avr8-gnu-toolchain/bin/../lib/gcc/avr/5.4.0/../../../../avr/lib/avr5\libm.a(fp_pscB.o)
                              d:/my data/avr programs/microchip_installation/7.0/toolchain/avr8/avr8-gnu-toolchain/bin/../lib/gcc/avr/5.4.0/../../../../avr/lib/avr5\libm.a(mulsf3x.o) (__fp_pscB)
d:/my data/avr programs/microchip_installation/7.0/toolchain/avr8/avr8-gnu-toolchain/bin/../lib/gcc/avr/5.4.0/../../../../avr/lib/avr5\libm.a(fp_round.o)
                              d:/my data/avr programs/microchip_installation/7.0/toolchain/avr8/avr8-gnu-toolchain/bin/../lib/gcc/avr/5.4.0/../../../../avr/lib/avr5\libm.a(mulsf3.o) (__fp_round)
d:/my data/avr programs/microchip_installation/7.0/toolchain/avr8/avr8-gnu-toolchain/bin/../lib/gcc/avr/5.4.0/avr5\libgcc.a(_divmodhi4.o)
                              MCAL/TIMER_Driver/timer.o (__divmodhi4)
d:/my data/avr programs/microchip_installation/7.0/toolchain/avr8/avr8-gnu-toolchain/bin/../lib/gcc/avr/5.4.0/avr5\libgcc.a(_udivmodsi4.o)
                              ECUAL/ultrasonic/ultrasonic.o (__udivmodsi4)
d:/my data/avr programs/microchip_installation/7.0/toolchain/avr8/avr8-gnu-toolchain/bin/../lib/gcc/avr/5.4.0/avr5\libgcc.a(_divmodsi4.o)
                              ECUAL/movment_control/movment_control.o (__divmodsi4)
d:/my data/avr programs/microchip_installation/7.0/toolchain/avr8/avr8-gnu-toolchain/bin/../lib/gcc/avr/5.4.0/avr5\libgcc.a(_negsi2.o)
                              d:/my data/avr programs/microchip_installation/7.0/toolchain/avr8/avr8-gnu-toolchain/bin/../lib/gcc/avr/5.4.0/avr5\libgcc.a(_divmodsi4.o) (__negsi2)
d:/my data/avr programs/microchip_installation/7.0/toolchain/avr8/avr8-gnu-toolchain/bin/../lib/gcc/avr/5.4.0/avr5\libgcc.a(_exit.o)
                              D:/my data/avr programs/microchip_installation/7.0/Packs/atmel/ATmega_DFP/1.7.374/gcc/dev/atmega32a/avr5/crtatmega32a.o (exit)
d:/my data/avr programs/microchip_installation/7.0/toolchain/avr8/avr8-gnu-toolchain/bin/../lib/gcc/avr/5.4.0/avr5\libgcc.a(_copy_data.o)
                              ECUAL/KEYPAD_Driver/keypad.o (__do_copy_data)
d:/my data/avr programs/microchip_installation/7.0/toolchain/avr8/avr8-gnu-toolchain/bin/../lib/gcc/avr/5.4.0/avr5\libgcc.a(_clear_bss.o)
                              Application/application.o (__do_clear_bss)
d:/my data/avr programs/microchip_installation/7.0/toolchain/avr8/avr8-gnu-toolchain/bin/../lib/gcc/avr/5.4.0/avr5\libgcc.a(_umulhisi3.o)
                              MCAL/TIMER_Driver/timer.o (__umulhisi3)
d:/my data/avr programs/microchip_installation/7.0/toolchain/avr8/avr8-gnu-toolchain/bin/../lib/gcc/avr/5.4.0/avr5\libgcc.a(_muluhisi3.o)
                              ECUAL/movment_control/movment_control.o (__muluhisi3)
d:/my data/avr programs/microchip_installation/7.0/toolchain/avr8/avr8-gnu-toolchain/bin/../lib/gcc/avr/5.4.0/avr5\libgcc.a(_udivmodhi4.o)
                              d:/my data/avr programs/microchip_installation/7.0/toolchain/avr8/avr8-gnu-toolchain/bin/../lib/gcc/avr/5.4.0/avr5\libgcc.a(_divmodhi4.o) (__udivmodhi4)
d:/my data/avr programs/microchip_installation/7.0/toolchain/avr8/avr8-gnu-toolchain/bin/../lib/gcc/avr/5.4.0/../../../../avr/lib/avr5\libc.a(itoa_ncheck.o)
                              ECUAL/LCD_Driver/lcd.o (__itoa_ncheck)
d:/my data/avr programs/microchip_installation/7.0/toolchain/avr8/avr8-gnu-toolchain/bin/../lib/gcc/avr/5.4.0/../../../../avr/lib/avr5\libc.a(utoa_ncheck.o)
                              d:/my data/avr programs/microchip_installation/7.0/toolchain/avr8/avr8-gnu-toolchain/bin/../lib/gcc/avr/5.4.0/../../../../avr/lib/avr5\libc.a(itoa_ncheck.o) (__utoa_common)
d:/my data/avr programs/microchip_installation/7.0/toolchain/avr8/avr8-gnu-toolchain/bin/../lib/gcc/avr/5.4.0/../../../../avr/lib/avr5\libc.a(strrev.o)
                              d:/my data/avr programs/microchip_installation/7.0/toolchain/avr8/avr8-gnu-toolchain/bin/../lib/gcc/avr/5.4.0/../../../../avr/lib/avr5\libc.a(utoa_ncheck.o) (strrev)

Allocating common symbols
Common symbol       size              file

car_color_state     0x1               Application/application.o
pedestrian_state    0x1               Application/application.o

Discarded input sections

 .data          0x00000000        0x0 D:/my data/avr programs/microchip_installation/7.0/Packs/atmel/ATmega_DFP/1.7.374/gcc/dev/atmega32a/avr5/crtatmega32a.o
 .bss           0x00000000        0x0 D:/my data/avr programs/microchip_installation/7.0/Packs/atmel/ATmega_DFP/1.7.374/gcc/dev/atmega32a/avr5/crtatmega32a.o
 .text          0x00000000        0x0 Application/application.o
 .data          0x00000000        0x0 Application/application.o
 .bss           0x00000000        0x0 Application/application.o
 .text.leds_init
                0x00000000       0x3a Application/application.o
 .text.car_yellow_blink
                0x00000000       0x38 Application/application.o
 .text.pedestrian_yellow_blink
                0x00000000       0x30 Application/application.o
 .text.car_traffic_green
                0x00000000       0x20 Application/application.o
 .text.car_traffic_yellow
                0x00000000        0xc Application/application.o
 .text.car_traffic_red
                0x00000000       0x20 Application/application.o
 .text.pedestrian_traffic_green
                0x00000000       0x1a Application/application.o
 .text.pedestrian_traffic_yellow
                0x00000000        0x6 Application/application.o
 .text.pedestrian_traffic_red
                0x00000000       0x1a Application/application.o
 .text.CarPedestrian_yellow_blink
                0x00000000       0x40 Application/application.o
 .text.Car_red_Pedestrian_green_on
                0x00000000       0x1a Application/application.o
 .text.Car_green_Pedestrian_red_on
                0x00000000       0x2a Application/application.o
 .text.normal_mode
                0x00000000       0x4a Application/application.o
 .text.pedestrian_mode
                0x00000000       0x72 Application/application.o
 .debug_info    0x00000000      0x795 Application/application.o
 .debug_abbrev  0x00000000       0xd0 Application/application.o
 .debug_loc     0x00000000       0xc3 Application/application.o
 .debug_aranges
                0x00000000       0x88 Application/application.o
 .debug_ranges  0x00000000       0x78 Application/application.o
 .debug_line    0x00000000      0x43b Application/application.o
 .debug_str     0x00000000      0x30e Application/application.o
 .comment       0x00000000       0x31 Application/application.o
 .debug_frame   0x00000000      0x10c Application/application.o
 COMMON         0x00000000        0x2 Application/application.o
 .text          0x00000000        0x0 ECUAL/BUTTON_Driver/button.o
 .data          0x00000000        0x0 ECUAL/BUTTON_Driver/button.o
 .bss           0x00000000        0x0 ECUAL/BUTTON_Driver/button.o
 .text.BUTTON_init
                0x00000000        0x8 ECUAL/BUTTON_Driver/button.o
 .text.BUTTON_read
                0x00000000        0x6 ECUAL/BUTTON_Driver/button.o
 .debug_info    0x00000000      0x15d ECUAL/BUTTON_Driver/button.o
 .debug_abbrev  0x00000000       0x89 ECUAL/BUTTON_Driver/button.o
 .debug_loc     0x00000000       0xaa ECUAL/BUTTON_Driver/button.o
 .debug_aranges
                0x00000000       0x28 ECUAL/BUTTON_Driver/button.o
 .debug_ranges  0x00000000       0x18 ECUAL/BUTTON_Driver/button.o
 .debug_line    0x00000000       0xdd ECUAL/BUTTON_Driver/button.o
 .debug_str     0x00000000      0x1ca ECUAL/BUTTON_Driver/button.o
 .comment       0x00000000       0x31 ECUAL/BUTTON_Driver/button.o
 .debug_frame   0x00000000       0x34 ECUAL/BUTTON_Driver/button.o
 .text          0x00000000        0x0 ECUAL/KEYPAD_Driver/keypad.o
 .data          0x00000000        0x0 ECUAL/KEYPAD_Driver/keypad.o
 .bss           0x00000000        0x0 ECUAL/KEYPAD_Driver/keypad.o
 .text.keypad_init
                0x00000000        0xa ECUAL/KEYPAD_Driver/keypad.o
 .text.key_press
                0x00000000       0x82 ECUAL/KEYPAD_Driver/keypad.o
 .data.row_col  0x00000000       0x10 ECUAL/KEYPAD_Driver/keypad.o
 .debug_info    0x00000000      0x1a7 ECUAL/KEYPAD_Driver/keypad.o
 .debug_abbrev  0x00000000      0x112 ECUAL/KEYPAD_Driver/keypad.o
 .debug_loc     0x00000000       0xb1 ECUAL/KEYPAD_Driver/keypad.o
 .debug_aranges
                0x00000000       0x28 ECUAL/KEYPAD_Driver/keypad.o
 .debug_ranges  0x00000000       0x18 ECUAL/KEYPAD_Driver/keypad.o
 .debug_line    0x00000000      0x16e ECUAL/KEYPAD_Driver/keypad.o
 .debug_str     0x00000000      0x210 ECUAL/KEYPAD_Driver/keypad.o
 .comment       0x00000000       0x31 ECUAL/KEYPAD_Driver/keypad.o
 .debug_frame   0x00000000       0x34 ECUAL/KEYPAD_Driver/keypad.o
 .text          0x00000000        0x0 ECUAL/LCD_Driver/lcd.o
 .data          0x00000000        0x0 ECUAL/LCD_Driver/lcd.o
 .bss           0x00000000        0x0 ECUAL/LCD_Driver/lcd.o
 .text.LCD_4_bit_init
                0x00000000       0x30 ECUAL/LCD_Driver/lcd.o
 .text          0x00000000        0x0 ECUAL/LED_Driver/led.o
 .data          0x00000000        0x0 ECUAL/LED_Driver/led.o
 .bss           0x00000000        0x0 ECUAL/LED_Driver/led.o
 .text.LED_init
                0x00000000        0x8 ECUAL/LED_Driver/led.o
 .text.LED_on   0x00000000        0x8 ECUAL/LED_Driver/led.o
 .text.LED_off  0x00000000        0x8 ECUAL/LED_Driver/led.o
 .text.LED_toggle
                0x00000000        0x6 ECUAL/LED_Driver/led.o
 .debug_info    0x00000000      0x1f5 ECUAL/LED_Driver/led.o
 .debug_abbrev  0x00000000       0x80 ECUAL/LED_Driver/led.o
 .debug_loc     0x00000000      0x108 ECUAL/LED_Driver/led.o
 .debug_aranges
                0x00000000       0x38 ECUAL/LED_Driver/led.o
 .debug_ranges  0x00000000       0x28 ECUAL/LED_Driver/led.o
 .debug_line    0x00000000      0x100 ECUAL/LED_Driver/led.o
 .debug_str     0x00000000      0x1cf ECUAL/LED_Driver/led.o
 .comment       0x00000000       0x31 ECUAL/LED_Driver/led.o
 .debug_frame   0x00000000       0x54 ECUAL/LED_Driver/led.o
 .text          0x00000000        0x0 ECUAL/Motor_Driver/motor.o
 .data          0x00000000        0x0 ECUAL/Motor_Driver/motor.o
 .bss           0x00000000        0x0 ECUAL/Motor_Driver/motor.o
 .text.robot_forward_right_diagnol
                0x00000000       0x1a ECUAL/Motor_Driver/motor.o
 .text.robot_forward_left_diagnol
                0x00000000       0x1c ECUAL/Motor_Driver/motor.o
 .text.robot_backward_right_diagnol
                0x00000000       0x1c ECUAL/Motor_Driver/motor.o
 .text.robot_backward_left_diagnol
                0x00000000       0x1a ECUAL/Motor_Driver/motor.o
 .text.robot_rotate_anticlockwise
                0x00000000       0x1e ECUAL/Motor_Driver/motor.o
 .text.robot_rotate_clockwise
                0x00000000       0x1e ECUAL/Motor_Driver/motor.o
 .text          0x00000000        0x0 ECUAL/movment_control/movment_control.o
 .data          0x00000000        0x0 ECUAL/movment_control/movment_control.o
 .bss           0x00000000        0x0 ECUAL/movment_control/movment_control.o
 .text          0x00000000        0x0 ECUAL/STEPPER_Motor_Driver/stepper.o
 .data          0x00000000        0x0 ECUAL/STEPPER_Motor_Driver/stepper.o
 .bss           0x00000000        0x0 ECUAL/STEPPER_Motor_Driver/stepper.o
 .text.stepper_CW
                0x00000000       0x16 ECUAL/STEPPER_Motor_Driver/stepper.o
 .text.stepper_ACW
                0x00000000       0x16 ECUAL/STEPPER_Motor_Driver/stepper.o
 .text.stepper_stop
                0x00000000        0x8 ECUAL/STEPPER_Motor_Driver/stepper.o
 .text          0x00000000        0x0 ECUAL/ultrasonic/ultrasonic.o
 .data          0x00000000        0x0 ECUAL/ultrasonic/ultrasonic.o
 .bss           0x00000000        0x0 ECUAL/ultrasonic/ultrasonic.o
 .text.sonic_trigger
                0x00000000       0x2e ECUAL/ultrasonic/ultrasonic.o
 .bss.freq      0x00000000        0x4 ECUAL/ultrasonic/ultrasonic.o
 .text          0x00000000        0x0 main.o
 .data          0x00000000        0x0 main.o
 .bss           0x00000000        0x0 main.o
 .text          0x00000000        0x0 MCAL/ADC_Driver/adc.o
 .data          0x00000000        0x0 MCAL/ADC_Driver/adc.o
 .bss           0x00000000        0x0 MCAL/ADC_Driver/adc.o
 .text.ADC_prescaler
                0x00000000       0xc8 MCAL/ADC_Driver/adc.o
 .text.ADC_init
                0x00000000       0x42 MCAL/ADC_Driver/adc.o
 .text.ADC_read
                0x00000000       0x14 MCAL/ADC_Driver/adc.o
 .text.ADC_init_interrupt
                0x00000000       0x24 MCAL/ADC_Driver/adc.o
 .text          0x00000000        0x0 MCAL/DIO_Driver/dio.o
 .data          0x00000000        0x0 MCAL/DIO_Driver/dio.o
 .bss           0x00000000        0x0 MCAL/DIO_Driver/dio.o
 .text.DIO_init
                0x00000000       0xec MCAL/DIO_Driver/dio.o
 .text.DIO_write
                0x00000000       0xec MCAL/DIO_Driver/dio.o
 .text.DIO_toggle
                0x00000000       0x6e MCAL/DIO_Driver/dio.o
 .text.DIO_read
                0x00000000       0xc8 MCAL/DIO_Driver/dio.o
 .debug_info    0x00000000      0x189 MCAL/DIO_Driver/dio.o
 .debug_abbrev  0x00000000       0x6f MCAL/DIO_Driver/dio.o
 .debug_loc     0x00000000      0x278 MCAL/DIO_Driver/dio.o
 .debug_aranges
                0x00000000       0x38 MCAL/DIO_Driver/dio.o
 .debug_ranges  0x00000000       0x28 MCAL/DIO_Driver/dio.o
 .debug_line    0x00000000      0x1e5 MCAL/DIO_Driver/dio.o
 .debug_str     0x00000000      0x1ee MCAL/DIO_Driver/dio.o
 .comment       0x00000000       0x31 MCAL/DIO_Driver/dio.o
 .debug_frame   0x00000000       0x54 MCAL/DIO_Driver/dio.o
 .text          0x00000000        0x0 MCAL/INTERRUPT_Driver/interrupt.o
 .data          0x00000000        0x0 MCAL/INTERRUPT_Driver/interrupt.o
 .bss           0x00000000        0x0 MCAL/INTERRUPT_Driver/interrupt.o
 .text          0x00000000        0x0 MCAL/SPI_Driver/spi.o
 .data          0x00000000        0x0 MCAL/SPI_Driver/spi.o
 .bss           0x00000000        0x0 MCAL/SPI_Driver/spi.o
 .text.SPI_Slave_Init
                0x00000000        0xe MCAL/SPI_Driver/spi.o
 .text.SPI_Master_Transmit
                0x00000000        0x8 MCAL/SPI_Driver/spi.o
 .text.SPI_Slave_Receive
                0x00000000        0x8 MCAL/SPI_Driver/spi.o
 .text.SPI_prescaler
                0x00000000       0x5c MCAL/SPI_Driver/spi.o
 .text.SPI_Master_Init
                0x00000000       0x20 MCAL/SPI_Driver/spi.o
 .debug_info    0x00000000      0x12a MCAL/SPI_Driver/spi.o
 .debug_abbrev  0x00000000       0xc7 MCAL/SPI_Driver/spi.o
 .debug_loc     0x00000000       0x85 MCAL/SPI_Driver/spi.o
 .debug_aranges
                0x00000000       0x40 MCAL/SPI_Driver/spi.o
 .debug_ranges  0x00000000       0x30 MCAL/SPI_Driver/spi.o
 .debug_line    0x00000000      0x15f MCAL/SPI_Driver/spi.o
 .debug_str     0x00000000      0x1e6 MCAL/SPI_Driver/spi.o
 .comment       0x00000000       0x31 MCAL/SPI_Driver/spi.o
 .debug_frame   0x00000000       0x64 MCAL/SPI_Driver/spi.o
 .text          0x00000000        0x0 MCAL/TIMER_Driver/timer.o
 .data          0x00000000        0x0 MCAL/TIMER_Driver/timer.o
 .bss           0x00000000        0x0 MCAL/TIMER_Driver/timer.o
 .text.timer0_delay_ms
                0x00000000       0x74 MCAL/TIMER_Driver/timer.o
 .text.timer2_Compare_Output_Mode
                0x00000000       0x24 MCAL/TIMER_Driver/timer.o
 .text.Pwm_OC2_init
                0x00000000       0x14 MCAL/TIMER_Driver/timer.o
 .text.Pwm_OC2  0x00000000       0x6e MCAL/TIMER_Driver/timer.o
 .text.timer1_init
                0x00000000       0x3e MCAL/TIMER_Driver/timer.o
 .text.timer1_prescaler
                0x00000000       0xb6 MCAL/TIMER_Driver/timer.o
 .text.timer1_Compare_Output_Mode_OC1A
                0x00000000       0x24 MCAL/TIMER_Driver/timer.o
 .text.timer1_Compare_Output_Mode_OC1B
                0x00000000       0x24 MCAL/TIMER_Driver/timer.o
 .text.Pwm_OC1A_init
                0x00000000       0x14 MCAL/TIMER_Driver/timer.o
 .text.Pwm_OC1A
                0x00000000       0x86 MCAL/TIMER_Driver/timer.o
 .text.Pwm_OC1B_init
                0x00000000       0x14 MCAL/TIMER_Driver/timer.o
 .text.Pwm_OC1B
                0x00000000       0x86 MCAL/TIMER_Driver/timer.o
 .text.timer1_CAPT_Edge_Select
                0x00000000       0x20 MCAL/TIMER_Driver/timer.o
 .text.timer1_ICU
                0x00000000       0x16 MCAL/TIMER_Driver/timer.o
 .text.timer1_Scount
                0x00000000       0x10 MCAL/TIMER_Driver/timer.o
 .text          0x00000000        0x0 MCAL/USART_Driver/usart.o
 .data          0x00000000        0x0 MCAL/USART_Driver/usart.o
 .bss           0x00000000        0x0 MCAL/USART_Driver/usart.o
 .text.USART_Init
                0x00000000       0x46 MCAL/USART_Driver/usart.o
 .text.USART_Transmit
                0x00000000        0x8 MCAL/USART_Driver/usart.o
 .text.USART_Receive
                0x00000000        0x8 MCAL/USART_Driver/usart.o
 .debug_info    0x00000000      0x10f MCAL/USART_Driver/usart.o
 .debug_abbrev  0x00000000       0x8f MCAL/USART_Driver/usart.o
 .debug_loc     0x00000000       0x2c MCAL/USART_Driver/usart.o
 .debug_aranges
                0x00000000       0x30 MCAL/USART_Driver/usart.o
 .debug_ranges  0x00000000       0x20 MCAL/USART_Driver/usart.o
 .debug_line    0x00000000       0xd9 MCAL/USART_Driver/usart.o
 .debug_str     0x00000000      0x1f0 MCAL/USART_Driver/usart.o
 .comment       0x00000000       0x31 MCAL/USART_Driver/usart.o
 .debug_frame   0x00000000       0x44 MCAL/USART_Driver/usart.o
 .text          0x00000000        0x0 d:/my data/avr programs/microchip_installation/7.0/toolchain/avr8/avr8-gnu-toolchain/bin/../lib/gcc/avr/5.4.0/../../../../avr/lib/avr5\libm.a(fixunssfsi.o)
 .data          0x00000000        0x0 d:/my data/avr programs/microchip_installation/7.0/toolchain/avr8/avr8-gnu-toolchain/bin/../lib/gcc/avr/5.4.0/../../../../avr/lib/avr5\libm.a(fixunssfsi.o)
 .bss           0x00000000        0x0 d:/my data/avr programs/microchip_installation/7.0/toolchain/avr8/avr8-gnu-toolchain/bin/../lib/gcc/avr/5.4.0/../../../../avr/lib/avr5\libm.a(fixunssfsi.o)
 .text.avr-libc.fplib
                0x00000000       0x5e d:/my data/avr programs/microchip_installation/7.0/toolchain/avr8/avr8-gnu-toolchain/bin/../lib/gcc/avr/5.4.0/../../../../avr/lib/avr5\libm.a(fixunssfsi.o)
 .text          0x00000000        0x0 d:/my data/avr programs/microchip_installation/7.0/toolchain/avr8/avr8-gnu-toolchain/bin/../lib/gcc/avr/5.4.0/../../../../avr/lib/avr5\libm.a(floatsisf.o)
 .data          0x00000000        0x0 d:/my data/avr programs/microchip_installation/7.0/toolchain/avr8/avr8-gnu-toolchain/bin/../lib/gcc/avr/5.4.0/../../../../avr/lib/avr5\libm.a(floatsisf.o)
 .bss           0x00000000        0x0 d:/my data/avr programs/microchip_installation/7.0/toolchain/avr8/avr8-gnu-toolchain/bin/../lib/gcc/avr/5.4.0/../../../../avr/lib/avr5\libm.a(floatsisf.o)
 .text.avr-libc.fplib
                0x00000000       0x7a d:/my data/avr programs/microchip_installation/7.0/toolchain/avr8/avr8-gnu-toolchain/bin/../lib/gcc/avr/5.4.0/../../../../avr/lib/avr5\libm.a(floatsisf.o)
 .text          0x00000000        0x0 d:/my data/avr programs/microchip_installation/7.0/toolchain/avr8/avr8-gnu-toolchain/bin/../lib/gcc/avr/5.4.0/../../../../avr/lib/avr5\libm.a(fp_split3.o)
 .data          0x00000000        0x0 d:/my data/avr programs/microchip_installation/7.0/toolchain/avr8/avr8-gnu-toolchain/bin/../lib/gcc/avr/5.4.0/../../../../avr/lib/avr5\libm.a(fp_split3.o)
 .bss           0x00000000        0x0 d:/my data/avr programs/microchip_installation/7.0/toolchain/avr8/avr8-gnu-toolchain/bin/../lib/gcc/avr/5.4.0/../../../../avr/lib/avr5\libm.a(fp_split3.o)
 .text.avr-libc.fplib
                0x00000000       0x44 d:/my data/avr programs/microchip_installation/7.0/toolchain/avr8/avr8-gnu-toolchain/bin/../lib/gcc/avr/5.4.0/../../../../avr/lib/avr5\libm.a(fp_split3.o)
 .text          0x00000000        0x0 d:/my data/avr programs/microchip_installation/7.0/toolchain/avr8/avr8-gnu-toolchain/bin/../lib/gcc/avr/5.4.0/../../../../avr/lib/avr5\libm.a(fp_zero.o)
 .data          0x00000000        0x0 d:/my data/avr programs/microchip_installation/7.0/toolchain/avr8/avr8-gnu-toolchain/bin/../lib/gcc/avr/5.4.0/../../../../avr/lib/avr5\libm.a(fp_zero.o)
 .bss           0x00000000        0x0 d:/my data/avr programs/microchip_installation/7.0/toolchain/avr8/avr8-gnu-toolchain/bin/../lib/gcc/avr/5.4.0/../../../../avr/lib/avr5\libm.a(fp_zero.o)
 .text.avr-libc.fplib
                0x00000000        0xe d:/my data/avr programs/microchip_installation/7.0/toolchain/avr8/avr8-gnu-toolchain/bin/../lib/gcc/avr/5.4.0/../../../../avr/lib/avr5\libm.a(fp_zero.o)
 .text          0x00000000        0x0 d:/my data/avr programs/microchip_installation/7.0/toolchain/avr8/avr8-gnu-toolchain/bin/../lib/gcc/avr/5.4.0/../../../../avr/lib/avr5\libm.a(mulsf3.o)
 .data          0x00000000        0x0 d:/my data/avr programs/microchip_installation/7.0/toolchain/avr8/avr8-gnu-toolchain/bin/../lib/gcc/avr/5.4.0/../../../../avr/lib/avr5\libm.a(mulsf3.o)
 .bss           0x00000000        0x0 d:/my data/avr programs/microchip_installation/7.0/toolchain/avr8/avr8-gnu-toolchain/bin/../lib/gcc/avr/5.4.0/../../../../avr/lib/avr5\libm.a(mulsf3.o)
 .text.avr-libc.fplib
                0x00000000        0x8 d:/my data/avr programs/microchip_installation/7.0/toolchain/avr8/avr8-gnu-toolchain/bin/../lib/gcc/avr/5.4.0/../../../../avr/lib/avr5\libm.a(mulsf3.o)
 .text          0x00000000        0x0 d:/my data/avr programs/microchip_installation/7.0/toolchain/avr8/avr8-gnu-toolchain/bin/../lib/gcc/avr/5.4.0/../../../../avr/lib/avr5\libm.a(mulsf3x.o)
 .data          0x00000000        0x0 d:/my data/avr programs/microchip_installation/7.0/toolchain/avr8/avr8-gnu-toolchain/bin/../lib/gcc/avr/5.4.0/../../../../avr/lib/avr5\libm.a(mulsf3x.o)
 .bss           0x00000000        0x0 d:/my data/avr programs/microchip_installation/7.0/toolchain/avr8/avr8-gnu-toolchain/bin/../lib/gcc/avr/5.4.0/../../../../avr/lib/avr5\libm.a(mulsf3x.o)
 .text.avr-libc.fplib
                0x00000000       0xd2 d:/my data/avr programs/microchip_installation/7.0/toolchain/avr8/avr8-gnu-toolchain/bin/../lib/gcc/avr/5.4.0/../../../../avr/lib/avr5\libm.a(mulsf3x.o)
 .text          0x00000000        0x0 d:/my data/avr programs/microchip_installation/7.0/toolchain/avr8/avr8-gnu-toolchain/bin/../lib/gcc/avr/5.4.0/../../../../avr/lib/avr5\libm.a(fp_inf.o)
 .data          0x00000000        0x0 d:/my data/avr programs/microchip_installation/7.0/toolchain/avr8/avr8-gnu-toolchain/bin/../lib/gcc/avr/5.4.0/../../../../avr/lib/avr5\libm.a(fp_inf.o)
 .bss           0x00000000        0x0 d:/my data/avr programs/microchip_installation/7.0/toolchain/avr8/avr8-gnu-toolchain/bin/../lib/gcc/avr/5.4.0/../../../../avr/lib/avr5\libm.a(fp_inf.o)
 .text.avr-libc.fplib
                0x00000000        0xc d:/my data/avr programs/microchip_installation/7.0/toolchain/avr8/avr8-gnu-toolchain/bin/../lib/gcc/avr/5.4.0/../../../../avr/lib/avr5\libm.a(fp_inf.o)
 .text          0x00000000        0x0 d:/my data/avr programs/microchip_installation/7.0/toolchain/avr8/avr8-gnu-toolchain/bin/../lib/gcc/avr/5.4.0/../../../../avr/lib/avr5\libm.a(fp_nan.o)
 .data          0x00000000        0x0 d:/my data/avr programs/microchip_installation/7.0/toolchain/avr8/avr8-gnu-toolchain/bin/../lib/gcc/avr/5.4.0/../../../../avr/lib/avr5\libm.a(fp_nan.o)
 .bss           0x00000000        0x0 d:/my data/avr programs/microchip_installation/7.0/toolchain/avr8/avr8-gnu-toolchain/bin/../lib/gcc/avr/5.4.0/../../../../avr/lib/avr5\libm.a(fp_nan.o)
 .text.avr-libc.fplib
                0x00000000        0x6 d:/my data/avr programs/microchip_installation/7.0/toolchain/avr8/avr8-gnu-toolchain/bin/../lib/gcc/avr/5.4.0/../../../../avr/lib/avr5\libm.a(fp_nan.o)
 .text          0x00000000        0x0 d:/my data/avr programs/microchip_installation/7.0/toolchain/avr8/avr8-gnu-toolchain/bin/../lib/gcc/avr/5.4.0/../../../../avr/lib/avr5\libm.a(fp_pscA.o)
 .data          0x00000000        0x0 d:/my data/avr programs/microchip_installation/7.0/toolchain/avr8/avr8-gnu-toolchain/bin/../lib/gcc/avr/5.4.0/../../../../avr/lib/avr5\libm.a(fp_pscA.o)
 .bss           0x00000000        0x0 d:/my data/avr programs/microchip_installation/7.0/toolchain/avr8/avr8-gnu-toolchain/bin/../lib/gcc/avr/5.4.0/../../../../avr/lib/avr5\libm.a(fp_pscA.o)
 .text.avr-libc.fplib
                0x00000000        0xe d:/my data/avr programs/microchip_installation/7.0/toolchain/avr8/avr8-gnu-toolchain/bin/../lib/gcc/avr/5.4.0/../../../../avr/lib/avr5\libm.a(fp_pscA.o)
 .text          0x00000000        0x0 d:/my data/avr programs/microchip_installation/7.0/toolchain/avr8/avr8-gnu-toolchain/bin/../lib/gcc/avr/5.4.0/../../../../avr/lib/avr5\libm.a(fp_pscB.o)
 .data          0x00000000        0x0 d:/my data/avr programs/microchip_installation/7.0/toolchain/avr8/avr8-gnu-toolchain/bin/../lib/gcc/avr/5.4.0/../../../../avr/lib/avr5\libm.a(fp_pscB.o)
 .bss           0x00000000        0x0 d:/my data/avr programs/microchip_installation/7.0/toolchain/avr8/avr8-gnu-toolchain/bin/../lib/gcc/avr/5.4.0/../../../../avr/lib/avr5\libm.a(fp_pscB.o)
 .text.avr-libc.fplib
                0x00000000        0xe d:/my data/avr programs/microchip_installation/7.0/toolchain/avr8/avr8-gnu-toolchain/bin/../lib/gcc/avr/5.4.0/../../../../avr/lib/avr5\libm.a(fp_pscB.o)
 .text          0x00000000        0x0 d:/my data/avr programs/microchip_installation/7.0/toolchain/avr8/avr8-gnu-toolchain/bin/../lib/gcc/avr/5.4.0/../../../../avr/lib/avr5\libm.a(fp_round.o)
 .data          0x00000000        0x0 d:/my data/avr programs/microchip_installation/7.0/toolchain/avr8/avr8-gnu-toolchain/bin/../lib/gcc/avr/5.4.0/../../../../avr/lib/avr5\libm.a(fp_round.o)
 .bss           0x00000000        0x0 d:/my data/avr programs/microchip_installation/7.0/toolchain/avr8/avr8-gnu-toolchain/bin/../lib/gcc/avr/5.4.0/../../../../avr/lib/avr5\libm.a(fp_round.o)
 .text.avr-libc.fplib
                0x00000000       0x22 d:/my data/avr programs/microchip_installation/7.0/toolchain/avr8/avr8-gnu-toolchain/bin/../lib/gcc/avr/5.4.0/../../../../avr/lib/avr5\libm.a(fp_round.o)
 .text          0x00000000        0x0 d:/my data/avr programs/microchip_installation/7.0/toolchain/avr8/avr8-gnu-toolchain/bin/../lib/gcc/avr/5.4.0/avr5\libgcc.a(_divmodhi4.o)
 .data          0x00000000        0x0 d:/my data/avr programs/microchip_installation/7.0/toolchain/avr8/avr8-gnu-toolchain/bin/../lib/gcc/avr/5.4.0/avr5\libgcc.a(_divmodhi4.o)
 .bss           0x00000000        0x0 d:/my data/avr programs/microchip_installation/7.0/toolchain/avr8/avr8-gnu-toolchain/bin/../lib/gcc/avr/5.4.0/avr5\libgcc.a(_divmodhi4.o)
 .text.libgcc.mul
                0x00000000        0x0 d:/my data/avr programs/microchip_installation/7.0/toolchain/avr8/avr8-gnu-toolchain/bin/../lib/gcc/avr/5.4.0/avr5\libgcc.a(_divmodhi4.o)
 .text.libgcc   0x00000000        0x0 d:/my data/avr programs/microchip_installation/7.0/toolchain/avr8/avr8-gnu-toolchain/bin/../lib/gcc/avr/5.4.0/avr5\libgcc.a(_divmodhi4.o)
 .text.libgcc.prologue
                0x00000000        0x0 d:/my data/avr programs/microchip_installation/7.0/toolchain/avr8/avr8-gnu-toolchain/bin/../lib/gcc/avr/5.4.0/avr5\libgcc.a(_divmodhi4.o)
 .text.libgcc.builtins
                0x00000000        0x0 d:/my data/avr programs/microchip_installation/7.0/toolchain/avr8/avr8-gnu-toolchain/bin/../lib/gcc/avr/5.4.0/avr5\libgcc.a(_divmodhi4.o)
 .text.libgcc.fmul
                0x00000000        0x0 d:/my data/avr programs/microchip_installation/7.0/toolchain/avr8/avr8-gnu-toolchain/bin/../lib/gcc/avr/5.4.0/avr5\libgcc.a(_divmodhi4.o)
 .text.libgcc.fixed
                0x00000000        0x0 d:/my data/avr programs/microchip_installation/7.0/toolchain/avr8/avr8-gnu-toolchain/bin/../lib/gcc/avr/5.4.0/avr5\libgcc.a(_divmodhi4.o)
 .text          0x00000000        0x0 d:/my data/avr programs/microchip_installation/7.0/toolchain/avr8/avr8-gnu-toolchain/bin/../lib/gcc/avr/5.4.0/avr5\libgcc.a(_udivmodsi4.o)
 .data          0x00000000        0x0 d:/my data/avr programs/microchip_installation/7.0/toolchain/avr8/avr8-gnu-toolchain/bin/../lib/gcc/avr/5.4.0/avr5\libgcc.a(_udivmodsi4.o)
 .bss           0x00000000        0x0 d:/my data/avr programs/microchip_installation/7.0/toolchain/avr8/avr8-gnu-toolchain/bin/../lib/gcc/avr/5.4.0/avr5\libgcc.a(_udivmodsi4.o)
 .text.libgcc.mul
                0x00000000        0x0 d:/my data/avr programs/microchip_installation/7.0/toolchain/avr8/avr8-gnu-toolchain/bin/../lib/gcc/avr/5.4.0/avr5\libgcc.a(_udivmodsi4.o)
 .text.libgcc   0x00000000        0x0 d:/my data/avr programs/microchip_installation/7.0/toolchain/avr8/avr8-gnu-toolchain/bin/../lib/gcc/avr/5.4.0/avr5\libgcc.a(_udivmodsi4.o)
 .text.libgcc.prologue
                0x00000000        0x0 d:/my data/avr programs/microchip_installation/7.0/toolchain/avr8/avr8-gnu-toolchain/bin/../lib/gcc/avr/5.4.0/avr5\libgcc.a(_udivmodsi4.o)
 .text.libgcc.builtins
                0x00000000        0x0 d:/my data/avr programs/microchip_installation/7.0/toolchain/avr8/avr8-gnu-toolchain/bin/../lib/gcc/avr/5.4.0/avr5\libgcc.a(_udivmodsi4.o)
 .text.libgcc.fmul
                0x00000000        0x0 d:/my data/avr programs/microchip_installation/7.0/toolchain/avr8/avr8-gnu-toolchain/bin/../lib/gcc/avr/5.4.0/avr5\libgcc.a(_udivmodsi4.o)
 .text.libgcc.fixed
                0x00000000        0x0 d:/my data/avr programs/microchip_installation/7.0/toolchain/avr8/avr8-gnu-toolchain/bin/../lib/gcc/avr/5.4.0/avr5\libgcc.a(_udivmodsi4.o)
 .text          0x00000000        0x0 d:/my data/avr programs/microchip_installation/7.0/toolchain/avr8/avr8-gnu-toolchain/bin/../lib/gcc/avr/5.4.0/avr5\libgcc.a(_divmodsi4.o)
 .data          0x00000000        0x0 d:/my data/avr programs/microchip_installation/7.0/toolchain/avr8/avr8-gnu-toolchain/bin/../lib/gcc/avr/5.4.0/avr5\libgcc.a(_divmodsi4.o)
 .bss           0x00000000        0x0 d:/my data/avr programs/microchip_installation/7.0/toolchain/avr8/avr8-gnu-toolchain/bin/../lib/gcc/avr/5.4.0/avr5\libgcc.a(_divmodsi4.o)
 .text.libgcc.mul
                0x00000000        0x0 d:/my data/avr programs/microchip_installation/7.0/toolchain/avr8/avr8-gnu-toolchain/bin/../lib/gcc/avr/5.4.0/avr5\libgcc.a(_divmodsi4.o)
 .text.libgcc   0x00000000        0x0 d:/my data/avr programs/microchip_installation/7.0/toolchain/avr8/avr8-gnu-toolchain/bin/../lib/gcc/avr/5.4.0/avr5\libgcc.a(_divmodsi4.o)
 .text.libgcc.prologue
                0x00000000        0x0 d:/my data/avr programs/microchip_installation/7.0/toolchain/avr8/avr8-gnu-toolchain/bin/../lib/gcc/avr/5.4.0/avr5\libgcc.a(_divmodsi4.o)
 .text.libgcc.builtins
                0x00000000        0x0 d:/my data/avr programs/microchip_installation/7.0/toolchain/avr8/avr8-gnu-toolchain/bin/../lib/gcc/avr/5.4.0/avr5\libgcc.a(_divmodsi4.o)
 .text.libgcc.fmul
                0x00000000        0x0 d:/my data/avr programs/microchip_installation/7.0/toolchain/avr8/avr8-gnu-toolchain/bin/../lib/gcc/avr/5.4.0/avr5\libgcc.a(_divmodsi4.o)
 .text.libgcc.fixed
                0x00000000        0x0 d:/my data/avr programs/microchip_installation/7.0/toolchain/avr8/avr8-gnu-toolchain/bin/../lib/gcc/avr/5.4.0/avr5\libgcc.a(_divmodsi4.o)
 .text          0x00000000        0x0 d:/my data/avr programs/microchip_installation/7.0/toolchain/avr8/avr8-gnu-toolchain/bin/../lib/gcc/avr/5.4.0/avr5\libgcc.a(_negsi2.o)
 .data          0x00000000        0x0 d:/my data/avr programs/microchip_installation/7.0/toolchain/avr8/avr8-gnu-toolchain/bin/../lib/gcc/avr/5.4.0/avr5\libgcc.a(_negsi2.o)
 .bss           0x00000000        0x0 d:/my data/avr programs/microchip_installation/7.0/toolchain/avr8/avr8-gnu-toolchain/bin/../lib/gcc/avr/5.4.0/avr5\libgcc.a(_negsi2.o)
 .text.libgcc.mul
                0x00000000        0x0 d:/my data/avr programs/microchip_installation/7.0/toolchain/avr8/avr8-gnu-toolchain/bin/../lib/gcc/avr/5.4.0/avr5\libgcc.a(_negsi2.o)
 .text.libgcc   0x00000000        0x0 d:/my data/avr programs/microchip_installation/7.0/toolchain/avr8/avr8-gnu-toolchain/bin/../lib/gcc/avr/5.4.0/avr5\libgcc.a(_negsi2.o)
 .text.libgcc.prologue
                0x00000000        0x0 d:/my data/avr programs/microchip_installation/7.0/toolchain/avr8/avr8-gnu-toolchain/bin/../lib/gcc/avr/5.4.0/avr5\libgcc.a(_negsi2.o)
 .text.libgcc.builtins
                0x00000000        0x0 d:/my data/avr programs/microchip_installation/7.0/toolchain/avr8/avr8-gnu-toolchain/bin/../lib/gcc/avr/5.4.0/avr5\libgcc.a(_negsi2.o)
 .text.libgcc.fmul
                0x00000000        0x0 d:/my data/avr programs/microchip_installation/7.0/toolchain/avr8/avr8-gnu-toolchain/bin/../lib/gcc/avr/5.4.0/avr5\libgcc.a(_negsi2.o)
 .text.libgcc.fixed
                0x00000000        0x0 d:/my data/avr programs/microchip_installation/7.0/toolchain/avr8/avr8-gnu-toolchain/bin/../lib/gcc/avr/5.4.0/avr5\libgcc.a(_negsi2.o)
 .text          0x00000000        0x0 d:/my data/avr programs/microchip_installation/7.0/toolchain/avr8/avr8-gnu-toolchain/bin/../lib/gcc/avr/5.4.0/avr5\libgcc.a(_exit.o)
 .data          0x00000000        0x0 d:/my data/avr programs/microchip_installation/7.0/toolchain/avr8/avr8-gnu-toolchain/bin/../lib/gcc/avr/5.4.0/avr5\libgcc.a(_exit.o)
 .bss           0x00000000        0x0 d:/my data/avr programs/microchip_installation/7.0/toolchain/avr8/avr8-gnu-toolchain/bin/../lib/gcc/avr/5.4.0/avr5\libgcc.a(_exit.o)
 .text.libgcc.mul
                0x00000000        0x0 d:/my data/avr programs/microchip_installation/7.0/toolchain/avr8/avr8-gnu-toolchain/bin/../lib/gcc/avr/5.4.0/avr5\libgcc.a(_exit.o)
 .text.libgcc.div
                0x00000000        0x0 d:/my data/avr programs/microchip_installation/7.0/toolchain/avr8/avr8-gnu-toolchain/bin/../lib/gcc/avr/5.4.0/avr5\libgcc.a(_exit.o)
 .text.libgcc   0x00000000        0x0 d:/my data/avr programs/microchip_installation/7.0/toolchain/avr8/avr8-gnu-toolchain/bin/../lib/gcc/avr/5.4.0/avr5\libgcc.a(_exit.o)
 .text.libgcc.prologue
                0x00000000        0x0 d:/my data/avr programs/microchip_installation/7.0/toolchain/avr8/avr8-gnu-toolchain/bin/../lib/gcc/avr/5.4.0/avr5\libgcc.a(_exit.o)
 .text.libgcc.builtins
                0x00000000        0x0 d:/my data/avr programs/microchip_installation/7.0/toolchain/avr8/avr8-gnu-toolchain/bin/../lib/gcc/avr/5.4.0/avr5\libgcc.a(_exit.o)
 .text.libgcc.fmul
                0x00000000        0x0 d:/my data/avr programs/microchip_installation/7.0/toolchain/avr8/avr8-gnu-toolchain/bin/../lib/gcc/avr/5.4.0/avr5\libgcc.a(_exit.o)
 .text.libgcc.fixed
                0x00000000        0x0 d:/my data/avr programs/microchip_installation/7.0/toolchain/avr8/avr8-gnu-toolchain/bin/../lib/gcc/avr/5.4.0/avr5\libgcc.a(_exit.o)
 .text          0x00000000        0x0 d:/my data/avr programs/microchip_installation/7.0/toolchain/avr8/avr8-gnu-toolchain/bin/../lib/gcc/avr/5.4.0/avr5\libgcc.a(_copy_data.o)
 .data          0x00000000        0x0 d:/my data/avr programs/microchip_installation/7.0/toolchain/avr8/avr8-gnu-toolchain/bin/../lib/gcc/avr/5.4.0/avr5\libgcc.a(_copy_data.o)
 .bss           0x00000000        0x0 d:/my data/avr programs/microchip_installation/7.0/toolchain/avr8/avr8-gnu-toolchain/bin/../lib/gcc/avr/5.4.0/avr5\libgcc.a(_copy_data.o)
 .text.libgcc.mul
                0x00000000        0x0 d:/my data/avr programs/microchip_installation/7.0/toolchain/avr8/avr8-gnu-toolchain/bin/../lib/gcc/avr/5.4.0/avr5\libgcc.a(_copy_data.o)
 .text.libgcc.div
                0x00000000        0x0 d:/my data/avr programs/microchip_installation/7.0/toolchain/avr8/avr8-gnu-toolchain/bin/../lib/gcc/avr/5.4.0/avr5\libgcc.a(_copy_data.o)
 .text.libgcc   0x00000000        0x0 d:/my data/avr programs/microchip_installation/7.0/toolchain/avr8/avr8-gnu-toolchain/bin/../lib/gcc/avr/5.4.0/avr5\libgcc.a(_copy_data.o)
 .text.libgcc.prologue
                0x00000000        0x0 d:/my data/avr programs/microchip_installation/7.0/toolchain/avr8/avr8-gnu-toolchain/bin/../lib/gcc/avr/5.4.0/avr5\libgcc.a(_copy_data.o)
 .text.libgcc.builtins
                0x00000000        0x0 d:/my data/avr programs/microchip_installation/7.0/toolchain/avr8/avr8-gnu-toolchain/bin/../lib/gcc/avr/5.4.0/avr5\libgcc.a(_copy_data.o)
 .text.libgcc.fmul
                0x00000000        0x0 d:/my data/avr programs/microchip_installation/7.0/toolchain/avr8/avr8-gnu-toolchain/bin/../lib/gcc/avr/5.4.0/avr5\libgcc.a(_copy_data.o)
 .text.libgcc.fixed
                0x00000000        0x0 d:/my data/avr programs/microchip_installation/7.0/toolchain/avr8/avr8-gnu-toolchain/bin/../lib/gcc/avr/5.4.0/avr5\libgcc.a(_copy_data.o)
 .text          0x00000000        0x0 d:/my data/avr programs/microchip_installation/7.0/toolchain/avr8/avr8-gnu-toolchain/bin/../lib/gcc/avr/5.4.0/avr5\libgcc.a(_clear_bss.o)
 .data          0x00000000        0x0 d:/my data/avr programs/microchip_installation/7.0/toolchain/avr8/avr8-gnu-toolchain/bin/../lib/gcc/avr/5.4.0/avr5\libgcc.a(_clear_bss.o)
 .bss           0x00000000        0x0 d:/my data/avr programs/microchip_installation/7.0/toolchain/avr8/avr8-gnu-toolchain/bin/../lib/gcc/avr/5.4.0/avr5\libgcc.a(_clear_bss.o)
 .text.libgcc.mul
                0x00000000        0x0 d:/my data/avr programs/microchip_installation/7.0/toolchain/avr8/avr8-gnu-toolchain/bin/../lib/gcc/avr/5.4.0/avr5\libgcc.a(_clear_bss.o)
 .text.libgcc.div
                0x00000000        0x0 d:/my data/avr programs/microchip_installation/7.0/toolchain/avr8/avr8-gnu-toolchain/bin/../lib/gcc/avr/5.4.0/avr5\libgcc.a(_clear_bss.o)
 .text.libgcc   0x00000000        0x0 d:/my data/avr programs/microchip_installation/7.0/toolchain/avr8/avr8-gnu-toolchain/bin/../lib/gcc/avr/5.4.0/avr5\libgcc.a(_clear_bss.o)
 .text.libgcc.prologue
                0x00000000        0x0 d:/my data/avr programs/microchip_installation/7.0/toolchain/avr8/avr8-gnu-toolchain/bin/../lib/gcc/avr/5.4.0/avr5\libgcc.a(_clear_bss.o)
 .text.libgcc.builtins
                0x00000000        0x0 d:/my data/avr programs/microchip_installation/7.0/toolchain/avr8/avr8-gnu-toolchain/bin/../lib/gcc/avr/5.4.0/avr5\libgcc.a(_clear_bss.o)
 .text.libgcc.fmul
                0x00000000        0x0 d:/my data/avr programs/microchip_installation/7.0/toolchain/avr8/avr8-gnu-toolchain/bin/../lib/gcc/avr/5.4.0/avr5\libgcc.a(_clear_bss.o)
 .text.libgcc.fixed
                0x00000000        0x0 d:/my data/avr programs/microchip_installation/7.0/toolchain/avr8/avr8-gnu-toolchain/bin/../lib/gcc/avr/5.4.0/avr5\libgcc.a(_clear_bss.o)
 .text          0x00000000        0x0 d:/my data/avr programs/microchip_installation/7.0/toolchain/avr8/avr8-gnu-toolchain/bin/../lib/gcc/avr/5.4.0/avr5\libgcc.a(_umulhisi3.o)
 .data          0x00000000        0x0 d:/my data/avr programs/microchip_installation/7.0/toolchain/avr8/avr8-gnu-toolchain/bin/../lib/gcc/avr/5.4.0/avr5\libgcc.a(_umulhisi3.o)
 .bss           0x00000000        0x0 d:/my data/avr programs/microchip_installation/7.0/toolchain/avr8/avr8-gnu-toolchain/bin/../lib/gcc/avr/5.4.0/avr5\libgcc.a(_umulhisi3.o)
 .text.libgcc.div
                0x00000000        0x0 d:/my data/avr programs/microchip_installation/7.0/toolchain/avr8/avr8-gnu-toolchain/bin/../lib/gcc/avr/5.4.0/avr5\libgcc.a(_umulhisi3.o)
 .text.libgcc   0x00000000        0x0 d:/my data/avr programs/microchip_installation/7.0/toolchain/avr8/avr8-gnu-toolchain/bin/../lib/gcc/avr/5.4.0/avr5\libgcc.a(_umulhisi3.o)
 .text.libgcc.prologue
                0x00000000        0x0 d:/my data/avr programs/microchip_installation/7.0/toolchain/avr8/avr8-gnu-toolchain/bin/../lib/gcc/avr/5.4.0/avr5\libgcc.a(_umulhisi3.o)
 .text.libgcc.builtins
                0x00000000        0x0 d:/my data/avr programs/microchip_installation/7.0/toolchain/avr8/avr8-gnu-toolchain/bin/../lib/gcc/avr/5.4.0/avr5\libgcc.a(_umulhisi3.o)
 .text.libgcc.fmul
                0x00000000        0x0 d:/my data/avr programs/microchip_installation/7.0/toolchain/avr8/avr8-gnu-toolchain/bin/../lib/gcc/avr/5.4.0/avr5\libgcc.a(_umulhisi3.o)
 .text.libgcc.fixed
                0x00000000        0x0 d:/my data/avr programs/microchip_installation/7.0/toolchain/avr8/avr8-gnu-toolchain/bin/../lib/gcc/avr/5.4.0/avr5\libgcc.a(_umulhisi3.o)
 .text          0x00000000        0x0 d:/my data/avr programs/microchip_installation/7.0/toolchain/avr8/avr8-gnu-toolchain/bin/../lib/gcc/avr/5.4.0/avr5\libgcc.a(_muluhisi3.o)
 .data          0x00000000        0x0 d:/my data/avr programs/microchip_installation/7.0/toolchain/avr8/avr8-gnu-toolchain/bin/../lib/gcc/avr/5.4.0/avr5\libgcc.a(_muluhisi3.o)
 .bss           0x00000000        0x0 d:/my data/avr programs/microchip_installation/7.0/toolchain/avr8/avr8-gnu-toolchain/bin/../lib/gcc/avr/5.4.0/avr5\libgcc.a(_muluhisi3.o)
 .text.libgcc.div
                0x00000000        0x0 d:/my data/avr programs/microchip_installation/7.0/toolchain/avr8/avr8-gnu-toolchain/bin/../lib/gcc/avr/5.4.0/avr5\libgcc.a(_muluhisi3.o)
 .text.libgcc   0x00000000        0x0 d:/my data/avr programs/microchip_installation/7.0/toolchain/avr8/avr8-gnu-toolchain/bin/../lib/gcc/avr/5.4.0/avr5\libgcc.a(_muluhisi3.o)
 .text.libgcc.prologue
                0x00000000        0x0 d:/my data/avr programs/microchip_installation/7.0/toolchain/avr8/avr8-gnu-toolchain/bin/../lib/gcc/avr/5.4.0/avr5\libgcc.a(_muluhisi3.o)
 .text.libgcc.builtins
                0x00000000        0x0 d:/my data/avr programs/microchip_installation/7.0/toolchain/avr8/avr8-gnu-toolchain/bin/../lib/gcc/avr/5.4.0/avr5\libgcc.a(_muluhisi3.o)
 .text.libgcc.fmul
                0x00000000        0x0 d:/my data/avr programs/microchip_installation/7.0/toolchain/avr8/avr8-gnu-toolchain/bin/../lib/gcc/avr/5.4.0/avr5\libgcc.a(_muluhisi3.o)
 .text.libgcc.fixed
                0x00000000        0x0 d:/my data/avr programs/microchip_installation/7.0/toolchain/avr8/avr8-gnu-toolchain/bin/../lib/gcc/avr/5.4.0/avr5\libgcc.a(_muluhisi3.o)
 .text          0x00000000        0x0 d:/my data/avr programs/microchip_installation/7.0/toolchain/avr8/avr8-gnu-toolchain/bin/../lib/gcc/avr/5.4.0/avr5\libgcc.a(_udivmodhi4.o)
 .data          0x00000000        0x0 d:/my data/avr programs/microchip_installation/7.0/toolchain/avr8/avr8-gnu-toolchain/bin/../lib/gcc/avr/5.4.0/avr5\libgcc.a(_udivmodhi4.o)
 .bss           0x00000000        0x0 d:/my data/avr programs/microchip_installation/7.0/toolchain/avr8/avr8-gnu-toolchain/bin/../lib/gcc/avr/5.4.0/avr5\libgcc.a(_udivmodhi4.o)
 .text.libgcc.mul
                0x00000000        0x0 d:/my data/avr programs/microchip_installation/7.0/toolchain/avr8/avr8-gnu-toolchain/bin/../lib/gcc/avr/5.4.0/avr5\libgcc.a(_udivmodhi4.o)
 .text.libgcc   0x00000000        0x0 d:/my data/avr programs/microchip_installation/7.0/toolchain/avr8/avr8-gnu-toolchain/bin/../lib/gcc/avr/5.4.0/avr5\libgcc.a(_udivmodhi4.o)
 .text.libgcc.prologue
                0x00000000        0x0 d:/my data/avr programs/microchip_installation/7.0/toolchain/avr8/avr8-gnu-toolchain/bin/../lib/gcc/avr/5.4.0/avr5\libgcc.a(_udivmodhi4.o)
 .text.libgcc.builtins
                0x00000000        0x0 d:/my data/avr programs/microchip_installation/7.0/toolchain/avr8/avr8-gnu-toolchain/bin/../lib/gcc/avr/5.4.0/avr5\libgcc.a(_udivmodhi4.o)
 .text.libgcc.fmul
                0x00000000        0x0 d:/my data/avr programs/microchip_installation/7.0/toolchain/avr8/avr8-gnu-toolchain/bin/../lib/gcc/avr/5.4.0/avr5\libgcc.a(_udivmodhi4.o)
 .text.libgcc.fixed
                0x00000000        0x0 d:/my data/avr programs/microchip_installation/7.0/toolchain/avr8/avr8-gnu-toolchain/bin/../lib/gcc/avr/5.4.0/avr5\libgcc.a(_udivmodhi4.o)
 .text          0x00000000        0x0 d:/my data/avr programs/microchip_installation/7.0/toolchain/avr8/avr8-gnu-toolchain/bin/../lib/gcc/avr/5.4.0/../../../../avr/lib/avr5\libc.a(itoa_ncheck.o)
 .data          0x00000000        0x0 d:/my data/avr programs/microchip_installation/7.0/toolchain/avr8/avr8-gnu-toolchain/bin/../lib/gcc/avr/5.4.0/../../../../avr/lib/avr5\libc.a(itoa_ncheck.o)
 .bss           0x00000000        0x0 d:/my data/avr programs/microchip_installation/7.0/toolchain/avr8/avr8-gnu-toolchain/bin/../lib/gcc/avr/5.4.0/../../../../avr/lib/avr5\libc.a(itoa_ncheck.o)
 .text          0x00000000        0x0 d:/my data/avr programs/microchip_installation/7.0/toolchain/avr8/avr8-gnu-toolchain/bin/../lib/gcc/avr/5.4.0/../../../../avr/lib/avr5\libc.a(utoa_ncheck.o)
 .data          0x00000000        0x0 d:/my data/avr programs/microchip_installation/7.0/toolchain/avr8/avr8-gnu-toolchain/bin/../lib/gcc/avr/5.4.0/../../../../avr/lib/avr5\libc.a(utoa_ncheck.o)
 .bss           0x00000000        0x0 d:/my data/avr programs/microchip_installation/7.0/toolchain/avr8/avr8-gnu-toolchain/bin/../lib/gcc/avr/5.4.0/../../../../avr/lib/avr5\libc.a(utoa_ncheck.o)
 .text          0x00000000        0x0 d:/my data/avr programs/microchip_installation/7.0/toolchain/avr8/avr8-gnu-toolchain/bin/../lib/gcc/avr/5.4.0/../../../../avr/lib/avr5\libc.a(strrev.o)
 .data          0x00000000        0x0 d:/my data/avr programs/microchip_installation/7.0/toolchain/avr8/avr8-gnu-toolchain/bin/../lib/gcc/avr/5.4.0/../../../../avr/lib/avr5\libc.a(strrev.o)
 .bss           0x00000000        0x0 d:/my data/avr programs/microchip_installation/7.0/toolchain/avr8/avr8-gnu-toolchain/bin/../lib/gcc/avr/5.4.0/../../../../avr/lib/avr5\libc.a(strrev.o)

Memory Configuration

Name             Origin             Length             Attributes
text             0x00000000         0x00008000         xr
data             0x00800060         0x00000800         rw !x
eeprom           0x00810000         0x00000400         rw !x
fuse             0x00820000         0x00000002         rw !x
lock             0x00830000         0x00000400         rw !x
signature        0x00840000         0x00000400         rw !x
user_signatures  0x00850000         0x00000400         rw !x
*default*        0x00000000         0xffffffff

Linker script and memory map

LOAD D:/my data/avr programs/microchip_installation/7.0/Packs/atmel/ATmega_DFP/1.7.374/gcc/dev/atmega32a/avr5/crtatmega32a.o
LOAD Application/application.o
LOAD ECUAL/BUTTON_Driver/button.o
LOAD ECUAL/KEYPAD_Driver/keypad.o
LOAD ECUAL/LCD_Driver/lcd.o
LOAD ECUAL/LED_Driver/led.o
LOAD ECUAL/Motor_Driver/motor.o
LOAD ECUAL/movment_control/movment_control.o
LOAD ECUAL/STEPPER_Motor_Driver/stepper.o
LOAD ECUAL/ultrasonic/ultrasonic.o
LOAD main.o
LOAD MCAL/ADC_Driver/adc.o
LOAD MCAL/DIO_Driver/dio.o
LOAD MCAL/INTERRUPT_Driver/interrupt.o
LOAD MCAL/SPI_Driver/spi.o
LOAD MCAL/TIMER_Driver/timer.o
LOAD MCAL/USART_Driver/usart.o
START GROUP
LOAD d:/my data/avr programs/microchip_installation/7.0/toolchain/avr8/avr8-gnu-toolchain/bin/../lib/gcc/avr/5.4.0/../../../../avr/lib/avr5\libm.a
END GROUP
START GROUP
LOAD d:/my data/avr programs/microchip_installation/7.0/toolchain/avr8/avr8-gnu-toolchain/bin/../lib/gcc/avr/5.4.0/avr5\libgcc.a
LOAD d:/my data/avr programs/microchip_installation/7.0/toolchain/avr8/avr8-gnu-toolchain/bin/../lib/gcc/avr/5.4.0/../../../../avr/lib/avr5\libm.a
LOAD d:/my data/avr programs/microchip_installation/7.0/toolchain/avr8/avr8-gnu-toolchain/bin/../lib/gcc/avr/5.4.0/../../../../avr/lib/avr5\libc.a
LOAD D:/my data/avr programs/microchip_installation/7.0/Packs/atmel/ATmega_DFP/1.7.374/gcc/dev/atmega32a/avr5\libatmega32a.a
END GROUP
                [0x00000000]                __TEXT_REGION_ORIGIN__ = DEFINED (__TEXT_REGION_ORIGIN__)?__TEXT_REGION_ORIGIN__:0x0
                [0x00800060]                __DATA_REGION_ORIGIN__ = DEFINED (__DATA_REGION_ORIGIN__)?__DATA_REGION_ORIGIN__:0x800060
                [0x00008000]                __TEXT_REGION_LENGTH__ = DEFINED (__TEXT_REGION_LENGTH__)?__TEXT_REGION_LENGTH__:0x20000
                [0x00000800]                __DATA_REGION_LENGTH__ = DEFINED (__DATA_REGION_LENGTH__)?__DATA_REGION_LENGTH__:0xffa0
                [0x00000400]                __EEPROM_REGION_LENGTH__ = DEFINED (__EEPROM_REGION_LENGTH__)?__EEPROM_REGION_LENGTH__:0x10000
                [0x00000002]                __FUSE_REGION_LENGTH__ = DEFINED (__FUSE_REGION_LENGTH__)?__FUSE_REGION_LENGTH__:0x400
                0x00000400                __LOCK_REGION_LENGTH__ = DEFINED (__LOCK_REGION_LENGTH__)?__LOCK_REGION_LENGTH__:0x400
                0x00000400                __SIGNATURE_REGION_LENGTH__ = DEFINED (__SIGNATURE_REGION_LENGTH__)?__SIGNATURE_REGION_LENGTH__:0x400
                0x00000400                __USER_SIGNATURE_REGION_LENGTH__ = DEFINED (__USER_SIGNATURE_REGION_LENGTH__)?__USER_SIGNATURE_REGION_LENGTH__:0x400

.hash
 *(.hash)

.dynsym
 *(.dynsym)

.dynstr
 *(.dynstr)

.gnu.version
 *(.gnu.version)

.gnu.version_d
 *(.gnu.version_d)

.gnu.version_r
 *(.gnu.version_r)

.rel.init
 *(.rel.init)

.rela.init
 *(.rela.init)

.rel.text
 *(.rel.text)
 *(.rel.text.*)
 *(.rel.gnu.linkonce.t*)

.rela.text
 *(.rela.text)
 *(.rela.text.*)
 *(.rela.gnu.linkonce.t*)

.rel.fini
 *(.rel.fini)

.rela.fini
 *(.rela.fini)

.rel.rodata
 *(.rel.rodata)
 *(.rel.rodata.*)
 *(.rel.gnu.linkonce.r*)

.rela.rodata
 *(.rela.rodata)
 *(.rela.rodata.*)
 *(.rela.gnu.linkonce.r*)

.rel.data
 *(.rel.data)
 *(.rel.data.*)
 *(.rel.gnu.linkonce.d*)

.rela.data
 *(.rela.data)
 *(.rela.data.*)
 *(.rela.gnu.linkonce.d*)

.rel.ctors
 *(.rel.ctors)

.rela.ctors
 *(.rela.ctors)

.rel.dtors
 *(.rel.dtors)

.rela.dtors
 *(.rela.dtors)

.rel.got
 *(.rel.got)

.rela.got
 *(.rela.got)

.rel.bss
 *(.rel.bss)

.rela.bss
 *(.rela.bss)

.rel.plt
 *(.rel.plt)

.rela.plt
 *(.rela.plt)

.text           0x00000000      0xd34
 *(.vectors)
 .vectors       0x00000000       0x54 D:/my data/avr programs/microchip_installation/7.0/Packs/atmel/ATmega_DFP/1.7.374/gcc/dev/atmega32a/avr5/crtatmega32a.o
                0x00000000                __vector_default
                0x00000000                __vectors
 *(.vectors)
 *(.progmem.gcc*)
                0x00000054                . = ALIGN (0x2)
                0x00000054                __trampolines_start = .
 *(.trampolines)
 .trampolines   0x00000054        0x0 linker stubs
 *(.trampolines*)
                0x00000054                __trampolines_end = .
 *libprintf_flt.a:*(.progmem.data)
 *libc.a:*(.progmem.data)
 *(.progmem*)
                0x00000054                . = ALIGN (0x2)
 *(.jumptables)
 *(.jumptables*)
 *(.lowtext)
 *(.lowtext*)
                0x00000054                __ctors_start = .
 *(.ctors)
                0x00000054                __ctors_end = .
                0x00000054                __dtors_start = .
 *(.dtors)
                0x00000054                __dtors_end = .
 SORT(*)(.ctors)
 SORT(*)(.dtors)
 *(.init0)
 .init0         0x00000054        0x0 D:/my data/avr programs/microchip_installation/7.0/Packs/atmel/ATmega_DFP/1.7.374/gcc/dev/atmega32a/avr5/crtatmega32a.o
                0x00000054                __init
 *(.init0)
 *(.init1)
 *(.init1)
 *(.init2)
 .init2         0x00000054        0xc D:/my data/avr programs/microchip_installation/7.0/Packs/atmel/ATmega_DFP/1.7.374/gcc/dev/atmega32a/avr5/crtatmega32a.o
 *(.init2)
 *(.init3)
 *(.init3)
 *(.init4)
 .init4         0x00000060       0x16 d:/my data/avr programs/microchip_installation/7.0/toolchain/avr8/avr8-gnu-toolchain/bin/../lib/gcc/avr/5.4.0/avr5\libgcc.a(_copy_data.o)
                0x00000060                __do_copy_data
 .init4         0x00000076       0x10 d:/my data/avr programs/microchip_installation/7.0/toolchain/avr8/avr8-gnu-toolchain/bin/../lib/gcc/avr/5.4.0/avr5\libgcc.a(_clear_bss.o)
                0x00000076                __do_clear_bss
 *(.init4)
 *(.init5)
 *(.init5)
 *(.init6)
 *(.init6)
 *(.init7)
 *(.init7)
 *(.init8)
 *(.init8)
 *(.init9)
 .init9         0x00000086        0x8 D:/my data/avr programs/microchip_installation/7.0/Packs/atmel/ATmega_DFP/1.7.374/gcc/dev/atmega32a/avr5/crtatmega32a.o
 *(.init9)
 *(.text)
 .text          0x0000008e        0x4 D:/my data/avr programs/microchip_installation/7.0/Packs/atmel/ATmega_DFP/1.7.374/gcc/dev/atmega32a/avr5/crtatmega32a.o
                0x0000008e                __vector_12
                0x0000008e                __bad_interrupt
                0x0000008e                __vector_6
                0x0000008e                __vector_3
                0x0000008e                __vector_11
                0x0000008e                __vector_13
                0x0000008e                __vector_17
                0x0000008e                __vector_19
                0x0000008e                __vector_7
                0x0000008e                __vector_4
                0x0000008e                __vector_9
                0x0000008e                __vector_2
                0x0000008e                __vector_15
                0x0000008e                __vector_8
                0x0000008e                __vector_14
                0x0000008e                __vector_10
                0x0000008e                __vector_18
                0x0000008e                __vector_20
                0x00000092                . = ALIGN (0x2)
 *(.text.*)
 .text.LCD_4_bit_sendCommand
                0x00000092       0x6c ECUAL/LCD_Driver/lcd.o
                0x00000092                LCD_4_bit_sendCommand
 .text.LCD_4_bit_sendChar
                0x000000fe       0x70 ECUAL/LCD_Driver/lcd.o
                0x000000fe                LCD_4_bit_sendChar
 .text.LCD_4_bit_sendString
                0x0000016e       0x26 ECUAL/LCD_Driver/lcd.o
                0x0000016e                LCD_4_bit_sendString
 .text.LCD_4_bit_sendNumber
                0x00000194       0x34 ECUAL/LCD_Driver/lcd.o
                0x00000194                LCD_4_bit_sendNumber
 .text.LCD_4_bit_gotoxy
                0x000001c8       0x4e ECUAL/LCD_Driver/lcd.o
                0x000001c8                LCD_4_bit_gotoxy
 .text.motors_init
                0x00000216       0x32 ECUAL/Motor_Driver/motor.o
                0x00000216                motors_init
 .text.motorA_forward
                0x00000248       0x14 ECUAL/Motor_Driver/motor.o
                0x00000248                motorA_forward
 .text.motorA_reverse
                0x0000025c       0x14 ECUAL/Motor_Driver/motor.o
                0x0000025c                motorA_reverse
 .text.motorA_stop
                0x00000270        0xe ECUAL/Motor_Driver/motor.o
                0x00000270                motorA_stop
 .text.motorB_forward
                0x0000027e       0x14 ECUAL/Motor_Driver/motor.o
                0x0000027e                motorB_forward
 .text.motorB_reverse
                0x00000292       0x14 ECUAL/Motor_Driver/motor.o
                0x00000292                motorB_reverse
 .text.motorB_stop
                0x000002a6        0xe ECUAL/Motor_Driver/motor.o
                0x000002a6                motorB_stop
 .text.motorC_forward
                0x000002b4       0x14 ECUAL/Motor_Driver/motor.o
                0x000002b4                motorC_forward
 .text.motorC_reverse
                0x000002c8       0x14 ECUAL/Motor_Driver/motor.o
                0x000002c8                motorC_reverse
 .text.motorC_stop
                0x000002dc        0xe ECUAL/Motor_Driver/motor.o
                0x000002dc                motorC_stop
 .text.motorD_forward
                0x000002ea       0x14 ECUAL/Motor_Driver/motor.o
                0x000002ea                motorD_forward
 .text.motorD_reverse
                0x000002fe       0x14 ECUAL/Motor_Driver/motor.o
                0x000002fe                motorD_reverse
 .text.motorD_stop
                0x00000312        0xe ECUAL/Motor_Driver/motor.o
                0x00000312                motorD_stop
 .text.robot_forward
                0x00000320       0x1e ECUAL/Motor_Driver/motor.o
                0x00000320                robot_forward
 .text.robot_backward
                0x0000033e       0x1e ECUAL/Motor_Driver/motor.o
                0x0000033e                robot_backward
 .text.robot_right
                0x0000035c       0x1e ECUAL/Motor_Driver/motor.o
                0x0000035c                robot_right
 .text.robot_left
                0x0000037a       0x1e ECUAL/Motor_Driver/motor.o
                0x0000037a                robot_left
 .text.robot_stop
                0x00000398       0x12 ECUAL/Motor_Driver/motor.o
                0x00000398                robot_stop
 .text.move_right
                0x000003aa       0x6c ECUAL/movment_control/movment_control.o
                0x000003aa                move_right
 .text.move_left
                0x00000416       0x76 ECUAL/movment_control/movment_control.o
                0x00000416                move_left
 .text.move_forward
                0x0000048c       0x6c ECUAL/movment_control/movment_control.o
                0x0000048c                move_forward
 .text.move_backward
                0x000004f8       0x76 ECUAL/movment_control/movment_control.o
                0x000004f8                move_backward
 .text.move_from_to
                0x0000056e      0x102 ECUAL/movment_control/movment_control.o
                0x0000056e                move_from_to
 .text.stepper_init
                0x00000670        0xe ECUAL/STEPPER_Motor_Driver/stepper.o
                0x00000670                stepper_init
 .text.ultrasonic_init
                0x0000067e       0x40 ECUAL/ultrasonic/ultrasonic.o
                0x0000067e                ultrasonic_init
 .text.ultrasonic_distance
                0x000006be        0x2 ECUAL/ultrasonic/ultrasonic.o
                0x000006be                ultrasonic_distance
 .text.__vector_1
                0x000006c0       0xea ECUAL/ultrasonic/ultrasonic.o
                0x000006c0                __vector_1
 .text.__vector_5
                0x000007aa       0x4a ECUAL/ultrasonic/ultrasonic.o
                0x000007aa                __vector_5
 .text.main     0x000007f4       0x68 main.o
                0x000007f4                main
 .text.ADC_interrupt_fun
                0x0000085c       0x10 MCAL/ADC_Driver/adc.o
                0x0000085c                ADC_interrupt_fun
 .text.__vector_16
                0x0000086c       0x48 MCAL/ADC_Driver/adc.o
                0x0000086c                __vector_16
 .text.INT0_init
                0x000008b4       0x4e MCAL/INTERRUPT_Driver/interrupt.o
                0x000008b4                INT0_init
 .text.timer0_init
                0x00000902       0x56 MCAL/TIMER_Driver/timer.o
                0x00000902                timer0_init
 .text.timer0_prescaler
                0x00000958       0xb6 MCAL/TIMER_Driver/timer.o
                0x00000958                timer0_prescaler
 .text.timer0_Compare_Output_Mode
                0x00000a0e       0x24 MCAL/TIMER_Driver/timer.o
                0x00000a0e                timer0_Compare_Output_Mode
 .text.Pwm_OC0_init
                0x00000a32       0x14 MCAL/TIMER_Driver/timer.o
                0x00000a32                Pwm_OC0_init
 .text.Pwm_OC0  0x00000a46       0x6e MCAL/TIMER_Driver/timer.o
                0x00000a46                Pwm_OC0
 .text.timer2_init
                0x00000ab4       0x56 MCAL/TIMER_Driver/timer.o
                0x00000ab4                timer2_init
 .text.timer2_prescaler
                0x00000b0a       0xb6 MCAL/TIMER_Driver/timer.o
                0x00000b0a                timer2_prescaler
 .text.libgcc.div
                0x00000bc0       0x28 d:/my data/avr programs/microchip_installation/7.0/toolchain/avr8/avr8-gnu-toolchain/bin/../lib/gcc/avr/5.4.0/avr5\libgcc.a(_divmodhi4.o)
                0x00000bc0                _div
                0x00000bc0                __divmodhi4
 .text.libgcc.div
                0x00000be8       0x44 d:/my data/avr programs/microchip_installation/7.0/toolchain/avr8/avr8-gnu-toolchain/bin/../lib/gcc/avr/5.4.0/avr5\libgcc.a(_udivmodsi4.o)
                0x00000be8                __udivmodsi4
 .text.libgcc.div
                0x00000c2c       0x2e d:/my data/avr programs/microchip_installation/7.0/toolchain/avr8/avr8-gnu-toolchain/bin/../lib/gcc/avr/5.4.0/avr5\libgcc.a(_divmodsi4.o)
                0x00000c2c                __divmodsi4
 .text.libgcc.div
                0x00000c5a       0x10 d:/my data/avr programs/microchip_installation/7.0/toolchain/avr8/avr8-gnu-toolchain/bin/../lib/gcc/avr/5.4.0/avr5\libgcc.a(_negsi2.o)
                0x00000c5a                __negsi2
 .text.libgcc.mul
                0x00000c6a       0x1e d:/my data/avr programs/microchip_installation/7.0/toolchain/avr8/avr8-gnu-toolchain/bin/../lib/gcc/avr/5.4.0/avr5\libgcc.a(_umulhisi3.o)
                0x00000c6a                __umulhisi3
 .text.libgcc.mul
                0x00000c88       0x16 d:/my data/avr programs/microchip_installation/7.0/toolchain/avr8/avr8-gnu-toolchain/bin/../lib/gcc/avr/5.4.0/avr5\libgcc.a(_muluhisi3.o)
                0x00000c88                __muluhisi3
 .text.libgcc.div
                0x00000c9e       0x28 d:/my data/avr programs/microchip_installation/7.0/toolchain/avr8/avr8-gnu-toolchain/bin/../lib/gcc/avr/5.4.0/avr5\libgcc.a(_udivmodhi4.o)
                0x00000c9e                __udivmodhi4
 .text.avr-libc
                0x00000cc6       0x16 d:/my data/avr programs/microchip_installation/7.0/toolchain/avr8/avr8-gnu-toolchain/bin/../lib/gcc/avr/5.4.0/../../../../avr/lib/avr5\libc.a(itoa_ncheck.o)
                0x00000cc6                __itoa_ncheck
 .text.avr-libc
                0x00000cdc       0x34 d:/my data/avr programs/microchip_installation/7.0/toolchain/avr8/avr8-gnu-toolchain/bin/../lib/gcc/avr/5.4.0/../../../../avr/lib/avr5\libc.a(utoa_ncheck.o)
                0x00000cdc                __utoa_ncheck
                0x00000cde                __utoa_common
 .text.avr-libc
                0x00000d10       0x20 d:/my data/avr programs/microchip_installation/7.0/toolchain/avr8/avr8-gnu-toolchain/bin/../lib/gcc/avr/5.4.0/../../../../avr/lib/avr5\libc.a(strrev.o)
                0x00000d10                strrev
                0x00000d30                . = ALIGN (0x2)
 *(.fini9)
 .fini9         0x00000d30        0x0 d:/my data/avr programs/microchip_installation/7.0/toolchain/avr8/avr8-gnu-toolchain/bin/../lib/gcc/avr/5.4.0/avr5\libgcc.a(_exit.o)
                0x00000d30                _exit
                0x00000d30                exit
 *(.fini9)
 *(.fini8)
 *(.fini8)
 *(.fini7)
 *(.fini7)
 *(.fini6)
 *(.fini6)
 *(.fini5)
 *(.fini5)
 *(.fini4)
 *(.fini4)
 *(.fini3)
 *(.fini3)
 *(.fini2)
 *(.fini2)
 *(.fini1)
 *(.fini1)
 *(.fini0)
 .fini0         0x00000d30        0x4 d:/my data/avr programs/microchip_installation/7.0/toolchain/avr8/avr8-gnu-toolchain/bin/../lib/gcc/avr/5.4.0/avr5\libgcc.a(_exit.o)
 *(.fini0)
                0x00000d34                _etext = .

.data           0x00800060        0x8 load address 0x00000d34
                0x00800060                PROVIDE (__data_start, .)
 *(.data)
 *(.data*)
 *(.gnu.linkonce.d*)
 *(.rodata)
 .rodata        0x00800060        0x8 main.o
 *(.rodata*)
 *(.gnu.linkonce.r*)
                0x00800068                . = ALIGN (0x2)
                0x00800068                _edata = .
                0x00800068                PROVIDE (__data_end, .)

.bss            0x00800068        0xa
                0x00800068                PROVIDE (__bss_start, .)
 *(.bss)
 *(.bss*)
 .bss.distance  0x00800068        0x4 ECUAL/ultrasonic/ultrasonic.o
                0x00800068                distance
 .bss.timer2_overflow
                0x0080006c        0x4 ECUAL/ultrasonic/ultrasonic.o
                0x0080006c                timer2_overflow
 .bss.rise_edge
                0x00800070        0x1 ECUAL/ultrasonic/ultrasonic.o
                0x00800070                rise_edge
 .bss.sensor_working
                0x00800071        0x1 ECUAL/ultrasonic/ultrasonic.o
                0x00800071                sensor_working
 *(COMMON)
                0x00800072                PROVIDE (__bss_end, .)
                0x00000d34                __data_load_start = LOADADDR (.data)
                0x00000d3c                __data_load_end = (__data_load_start + SIZEOF (.data))

.noinit         0x00800072        0x0
                [!provide]                PROVIDE (__noinit_start, .)
 *(.noinit*)
                [!provide]                PROVIDE (__noinit_end, .)
                0x00800072                _end = .
                [!provide]                PROVIDE (__heap_start, .)

.eeprom         0x00810000        0x0
 *(.eeprom*)
                0x00810000                __eeprom_end = .

.fuse
 *(.fuse)
 *(.lfuse)
 *(.hfuse)
 *(.efuse)

.lock
 *(.lock*)

.signature
 *(.signature*)

.user_signatures
 *(.user_signatures*)

.stab
 *(.stab)

.stabstr
 *(.stabstr)

.stab.excl
 *(.stab.excl)

.stab.exclstr
 *(.stab.exclstr)

.stab.index
 *(.stab.index)

.stab.indexstr
 *(.stab.indexstr)

.comment        0x00000000       0x30
 *(.comment)
 .comment       0x00000000       0x30 ECUAL/LCD_Driver/lcd.o
                                 0x31 (size before relaxing)
 .comment       0x00000030       0x31 ECUAL/Motor_Driver/motor.o
 .comment       0x00000030       0x31 ECUAL/movment_control/movment_control.o
 .comment       0x00000030       0x31 ECUAL/STEPPER_Motor_Driver/stepper.o
 .comment       0x00000030       0x31 ECUAL/ultrasonic/ultrasonic.o
 .comment       0x00000030       0x31 main.o
 .comment       0x00000030       0x31 MCAL/ADC_Driver/adc.o
 .comment       0x00000030       0x31 MCAL/INTERRUPT_Driver/interrupt.o
 .comment       0x00000030       0x31 MCAL/TIMER_Driver/timer.o

.note.gnu.avr.deviceinfo
                0x00000000       0x3c
 .note.gnu.avr.deviceinfo
                0x00000000       0x3c D:/my data/avr programs/microchip_installation/7.0/Packs/atmel/ATmega_DFP/1.7.374/gcc/dev/atmega32a/avr5/crtatmega32a.o

.note.gnu.build-id
 *(.note.gnu.build-id)

.debug
 *(.debug)

.line
 *(.line)

.debug_srcinfo
 *(.debug_srcinfo)

.debug_sfnames
 *(.debug_sfnames)

.debug_aranges  0x00000000      0x328
 *(.debug_aranges)
 .debug_aranges
                0x00000000       0x48 ECUAL/LCD_Driver/lcd.o
 .debug_aranges
                0x00000048       0xd8 ECUAL/Motor_Driver/motor.o
 .debug_aranges
                0x00000120       0x40 ECUAL/movment_control/movment_control.o
 .debug_aranges
                0x00000160       0x38 ECUAL/STEPPER_Motor_Driver/stepper.o
 .debug_aranges
                0x00000198       0x40 ECUAL/ultrasonic/ultrasonic.o
 .debug_aranges
                0x000001d8       0x20 main.o
 .debug_aranges
                0x000001f8       0x48 MCAL/ADC_Driver/adc.o
 .debug_aranges
                0x00000240       0x20 MCAL/INTERRUPT_Driver/interrupt.o
 .debug_aranges
                0x00000260       0xc8 MCAL/TIMER_Driver/timer.o

.debug_pubnames
 *(.debug_pubnames)

.debug_info     0x00000000     0x26a5
 *(.debug_info .gnu.linkonce.wi.*)
 .debug_info    0x00000000      0x4e6 D:/my data/avr programs/microchip_installation/7.0/Packs/atmel/ATmega_DFP/1.7.374/gcc/dev/atmega32a/avr5/crtatmega32a.o
 .debug_info    0x000004e6      0x60a ECUAL/LCD_Driver/lcd.o
 .debug_info    0x00000af0      0x781 ECUAL/Motor_Driver/motor.o
 .debug_info    0x00001271      0x547 ECUAL/movment_control/movment_control.o
 .debug_info    0x000017b8      0x13d ECUAL/STEPPER_Motor_Driver/stepper.o
 .debug_info    0x000018f5      0x337 ECUAL/ultrasonic/ultrasonic.o
 .debug_info    0x00001c2c      0x168 main.o
 .debug_info    0x00001d94      0x183 MCAL/ADC_Driver/adc.o
 .debug_info    0x00001f17       0xa1 MCAL/INTERRUPT_Driver/interrupt.o
 .debug_info    0x00001fb8      0x6ed MCAL/TIMER_Driver/timer.o

.debug_abbrev   0x00000000      0xea0
 *(.debug_abbrev)
 .debug_abbrev  0x00000000      0x4a3 D:/my data/avr programs/microchip_installation/7.0/Packs/atmel/ATmega_DFP/1.7.374/gcc/dev/atmega32a/avr5/crtatmega32a.o
 .debug_abbrev  0x000004a3      0x21a ECUAL/LCD_Driver/lcd.o
 .debug_abbrev  0x000006bd       0xca ECUAL/Motor_Driver/motor.o
 .debug_abbrev  0x00000787      0x165 ECUAL/movment_control/movment_control.o
 .debug_abbrev  0x000008ec       0x98 ECUAL/STEPPER_Motor_Driver/stepper.o
 .debug_abbrev  0x00000984      0x1c9 ECUAL/ultrasonic/ultrasonic.o
 .debug_abbrev  0x00000b4d       0xbe main.o
 .debug_abbrev  0x00000c0b       0xec MCAL/ADC_Driver/adc.o
 .debug_abbrev  0x00000cf7       0x55 MCAL/INTERRUPT_Driver/interrupt.o
 .debug_abbrev  0x00000d4c      0x154 MCAL/TIMER_Driver/timer.o

.debug_line     0x00000000     0x1aa7
 *(.debug_line .debug_line.* .debug_line_end)
 .debug_line    0x00000000      0x116 D:/my data/avr programs/microchip_installation/7.0/Packs/atmel/ATmega_DFP/1.7.374/gcc/dev/atmega32a/avr5/crtatmega32a.o
 .debug_line    0x00000116      0x2ee ECUAL/LCD_Driver/lcd.o
 .debug_line    0x00000404      0x472 ECUAL/Motor_Driver/motor.o
 .debug_line    0x00000876      0x346 ECUAL/movment_control/movment_control.o
 .debug_line    0x00000bbc      0x136 ECUAL/STEPPER_Motor_Driver/stepper.o
 .debug_line    0x00000cf2      0x28f ECUAL/ultrasonic/ultrasonic.o
 .debug_line    0x00000f81      0x133 main.o
 .debug_line    0x000010b4      0x218 MCAL/ADC_Driver/adc.o
 .debug_line    0x000012cc       0xcf MCAL/INTERRUPT_Driver/interrupt.o
 .debug_line    0x0000139b      0x70c MCAL/TIMER_Driver/timer.o

.debug_frame    0x00000000      0x7f0
 *(.debug_frame)
 .debug_frame   0x00000000       0xa4 ECUAL/LCD_Driver/lcd.o
 .debug_frame   0x000000a4      0x1e4 ECUAL/Motor_Driver/motor.o
 .debug_frame   0x00000288      0x15c ECUAL/movment_control/movment_control.o
 .debug_frame   0x000003e4       0x54 ECUAL/STEPPER_Motor_Driver/stepper.o
 .debug_frame   0x00000438       0xcc ECUAL/ultrasonic/ultrasonic.o
 .debug_frame   0x00000504       0x34 main.o
 .debug_frame   0x00000538       0xc4 MCAL/ADC_Driver/adc.o
 .debug_frame   0x000005fc       0x24 MCAL/INTERRUPT_Driver/interrupt.o
 .debug_frame   0x00000620      0x1d0 MCAL/TIMER_Driver/timer.o

.debug_str      0x00000000      0xaca
 *(.debug_str)
 .debug_str     0x00000000      0x196 D:/my data/avr programs/microchip_installation/7.0/Packs/atmel/ATmega_DFP/1.7.374/gcc/dev/atmega32a/avr5/crtatmega32a.o
 .debug_str     0x00000196      0x26d ECUAL/LCD_Driver/lcd.o
                                0x2b5 (size before relaxing)
 .debug_str     0x00000403      0x1f0 ECUAL/Motor_Driver/motor.o
                                0x321 (size before relaxing)
 .debug_str     0x000005f3       0xef ECUAL/movment_control/movment_control.o
                                0x2c6 (size before relaxing)
 .debug_str     0x000006e2       0x61 ECUAL/STEPPER_Motor_Driver/stepper.o
                                0x1d1 (size before relaxing)
 .debug_str     0x00000743       0xf0 ECUAL/ultrasonic/ultrasonic.o
                                0x2e7 (size before relaxing)
 .debug_str     0x00000833       0x45 main.o
                                0x1f2 (size before relaxing)
 .debug_str     0x00000878       0x76 MCAL/ADC_Driver/adc.o
                                0x213 (size before relaxing)
 .debug_str     0x000008ee       0x33 MCAL/INTERRUPT_Driver/interrupt.o
                                0x1c2 (size before relaxing)
 .debug_str     0x00000921      0x1a9 MCAL/TIMER_Driver/timer.o
                                0x393 (size before relaxing)

.debug_loc      0x00000000     0x1d65
 *(.debug_loc)
 .debug_loc     0x00000000      0x476 ECUAL/LCD_Driver/lcd.o
 .debug_loc     0x00000476      0x414 ECUAL/Motor_Driver/motor.o
 .debug_loc     0x0000088a      0x74a ECUAL/movment_control/movment_control.o
 .debug_loc     0x00000fd4       0x58 ECUAL/STEPPER_Motor_Driver/stepper.o
 .debug_loc     0x0000102c      0x1dc ECUAL/ultrasonic/ultrasonic.o
 .debug_loc     0x00001208       0x47 main.o
 .debug_loc     0x0000124f      0x25d MCAL/ADC_Driver/adc.o
 .debug_loc     0x000014ac       0x6c MCAL/INTERRUPT_Driver/interrupt.o
 .debug_loc     0x00001518      0x84d MCAL/TIMER_Driver/timer.o

.debug_macinfo
 *(.debug_macinfo)

.debug_weaknames
 *(.debug_weaknames)

.debug_funcnames
 *(.debug_funcnames)

.debug_typenames
 *(.debug_typenames)

.debug_varnames
 *(.debug_varnames)

.debug_pubtypes
 *(.debug_pubtypes)

.debug_ranges   0x00000000      0x298
 *(.debug_ranges)
 .debug_ranges  0x00000000       0x38 ECUAL/LCD_Driver/lcd.o
 .debug_ranges  0x00000038       0xc8 ECUAL/Motor_Driver/motor.o
 .debug_ranges  0x00000100       0x30 ECUAL/movment_control/movment_control.o
 .debug_ranges  0x00000130       0x28 ECUAL/STEPPER_Motor_Driver/stepper.o
 .debug_ranges  0x00000158       0x30 ECUAL/ultrasonic/ultrasonic.o
 .debug_ranges  0x00000188       0x10 main.o
 .debug_ranges  0x00000198       0x38 MCAL/ADC_Driver/adc.o
 .debug_ranges  0x000001d0       0x10 MCAL/INTERRUPT_Driver/interrupt.o
 .debug_ranges  0x000001e0       0xb8 MCAL/TIMER_Driver/timer.o

.debug_macro
 *(.debug_macro)
OUTPUT(drivers.elf elf32-avr)
LOAD linker stubs
